// Jest Snapshot v1, https://goo.gl/fbAQLP

exports[`renders correctly 1`] = `
Array [
  <p>
    no missions joined
  </p>,
  <table
    className="profile-table"
  >
    <tbody />
  </table>,
]
`;
